// Jest Snapshot v1, https://goo.gl/fbAQLP

exports[`<App /> should render correctly in "debug" mode 1`] = `
<div
  className="wrapper"
>
  <ImagesStackContainer
    images={
      Array [
        Object {
          "id": 129,
          "image_url": "http://placeimg.com/1075/640/animals",
          "item_id": 20,
          "product_id": 20,
        },
        Object {
          "id": 130,
          "image_url": "http://placeimg.com/1075/640/nature",
          "item_id": 20,
          "product_id": 20,
        },
        Object {
          "id": 131,
          "image_url": "http://placeimg.com/1075/640/architecture",
          "item_id": 20,
          "product_id": 20,
        },
        Object {
          "id": 132,
          "image_url": "http://placeimg.com/1075/640/tech",
          "item_id": 20,
          "product_id": 20,
        },
        Object {
          "id": 133,
          "image_url": "http://placeimg.com/1075/640/people",
          "item_id": 20,
          "product_id": 20,
        },
      ]
    }
  />
  <FeatureImagesContainer
    images={
      Array [
        Object {
          "id": 129,
          "image_url": "http://placeimg.com/1075/640/animals",
          "item_id": 20,
          "product_id": 20,
        },
        Object {
          "id": 130,
          "image_url": "http://placeimg.com/1075/640/nature",
          "item_id": 20,
          "product_id": 20,
        },
        Object {
          "id": 131,
          "image_url": "http://placeimg.com/1075/640/architecture",
          "item_id": 20,
          "product_id": 20,
        },
        Object {
          "id": 132,
          "image_url": "http://placeimg.com/1075/640/tech",
          "item_id": 20,
          "product_id": 20,
        },
        Object {
          "id": 133,
          "image_url": "http://placeimg.com/1075/640/people",
          "item_id": 20,
          "product_id": 20,
        },
      ]
    }
  />
  <Arrow />
</div>
`;
